Copyright 1986-2017 Xilinx, Inc. All Rights Reserved.
------------------------------------------------------------------------------------
| Tool Version : Vivado v.2017.2 (win64) Build 1909853 Thu Jun 15 18:39:09 MDT 2017
| Date         : Fri Oct 13 18:22:27 2017
| Host         : DESKTOP-4KPN332 running 64-bit major release  (build 9200)
| Command      : report_utilization -file ./sha1_w1_g1_i32_o32.rpt
| Design       : SHA1_AXI4_STREAM
| Device       : 7s50fgga484-2
| Design State : Routed
------------------------------------------------------------------------------------

Utilization Design Information

Table of Contents
-----------------
1. Slice Logic
1.1 Summary of Registers by Type
2. Slice Logic Distribution
3. Memory
4. DSP
5. IO and GT Specific
6. Clocking
7. Specific Feature
8. Primitives
9. Black Boxes
10. Instantiated Netlists

1. Slice Logic
--------------

+----------------------------+------+-------+-----------+-------+
|          Site Type         | Used | Fixed | Available | Util% |
+----------------------------+------+-------+-----------+-------+
| Slice LUTs                 | 2567 |     0 |     32600 |  7.87 |
|   LUT as Logic             | 2503 |     0 |     32600 |  7.68 |
|   LUT as Memory            |   64 |     0 |      9600 |  0.67 |
|     LUT as Distributed RAM |    0 |     0 |           |       |
|     LUT as Shift Register  |   64 |     0 |           |       |
| Slice Registers            | 1131 |     0 |     65200 |  1.73 |
|   Register as Flip Flop    | 1131 |     0 |     65200 |  1.73 |
|   Register as Latch        |    0 |     0 |     65200 |  0.00 |
| F7 Muxes                   |  126 |     0 |     16300 |  0.77 |
| F8 Muxes                   |    0 |     0 |      8150 |  0.00 |
+----------------------------+------+-------+-----------+-------+


1.1 Summary of Registers by Type
--------------------------------

+-------+--------------+-------------+--------------+
| Total | Clock Enable | Synchronous | Asynchronous |
+-------+--------------+-------------+--------------+
| 0     |            _ |           - |            - |
| 0     |            _ |           - |          Set |
| 0     |            _ |           - |        Reset |
| 0     |            _ |         Set |            - |
| 0     |            _ |       Reset |            - |
| 0     |          Yes |           - |            - |
| 165   |          Yes |           - |          Set |
| 902   |          Yes |           - |        Reset |
| 0     |          Yes |         Set |            - |
| 64    |          Yes |       Reset |            - |
+-------+--------------+-------------+--------------+


2. Slice Logic Distribution
---------------------------

+-------------------------------------------+------+-------+-----------+-------+
|                 Site Type                 | Used | Fixed | Available | Util% |
+-------------------------------------------+------+-------+-----------+-------+
| Slice                                     |  761 |     0 |      8150 |  9.34 |
|   SLICEL                                  |  463 |     0 |           |       |
|   SLICEM                                  |  298 |     0 |           |       |
| LUT as Logic                              | 2503 |     0 |     32600 |  7.68 |
|   using O5 output only                    |    0 |       |           |       |
|   using O6 output only                    | 2212 |       |           |       |
|   using O5 and O6                         |  291 |       |           |       |
| LUT as Memory                             |   64 |     0 |      9600 |  0.67 |
|   LUT as Distributed RAM                  |    0 |     0 |           |       |
|   LUT as Shift Register                   |   64 |     0 |           |       |
|     using O5 output only                  |   64 |       |           |       |
|     using O6 output only                  |    0 |       |           |       |
|     using O5 and O6                       |    0 |       |           |       |
| LUT Flip Flop Pairs                       |  861 |     0 |     32600 |  2.64 |
|   fully used LUT-FF pairs                 |  107 |       |           |       |
|   LUT-FF pairs with one unused LUT output |  746 |       |           |       |
|   LUT-FF pairs with one unused Flip Flop  |  722 |       |           |       |
| Unique Control Sets                       |   53 |       |           |       |
+-------------------------------------------+------+-------+-----------+-------+
* Note: Review the Control Sets Report for more information regarding control sets.


3. Memory
---------

+----------------+------+-------+-----------+-------+
|    Site Type   | Used | Fixed | Available | Util% |
+----------------+------+-------+-----------+-------+
| Block RAM Tile |    0 |     0 |        75 |  0.00 |
|   RAMB36/FIFO* |    0 |     0 |        75 |  0.00 |
|   RAMB18       |    0 |     0 |       150 |  0.00 |
+----------------+------+-------+-----------+-------+
* Note: Each Block RAM Tile only has one FIFO logic available and therefore can accommodate only one FIFO36E1 or one FIFO18E1. However, if a FIFO18E1 occupies a Block RAM Tile, that tile can still accommodate a RAMB18E1


4. DSP
------

+-----------+------+-------+-----------+-------+
| Site Type | Used | Fixed | Available | Util% |
+-----------+------+-------+-----------+-------+
| DSPs      |    0 |     0 |       120 |  0.00 |
+-----------+------+-------+-----------+-------+


5. IO and GT Specific
---------------------

+-----------------------------+------+-------+-----------+-------+
|          Site Type          | Used | Fixed | Available | Util% |
+-----------------------------+------+-------+-----------+-------+
| Bonded IOB                  |   80 |     0 |       250 | 32.00 |
|   IOB Master Pads           |   38 |       |           |       |
|   IOB Slave Pads            |   40 |       |           |       |
| Bonded IPADs                |    0 |     0 |         2 |  0.00 |
| PHY_CONTROL                 |    0 |     0 |         5 |  0.00 |
| PHASER_REF                  |    0 |     0 |         5 |  0.00 |
| OUT_FIFO                    |    0 |     0 |        20 |  0.00 |
| IN_FIFO                     |    0 |     0 |        20 |  0.00 |
| IDELAYCTRL                  |    0 |     0 |         5 |  0.00 |
| IBUFDS                      |    0 |     0 |       240 |  0.00 |
| PHASER_OUT/PHASER_OUT_PHY   |    0 |     0 |        20 |  0.00 |
| PHASER_IN/PHASER_IN_PHY     |    0 |     0 |        20 |  0.00 |
| IDELAYE2/IDELAYE2_FINEDELAY |    0 |     0 |       250 |  0.00 |
| ILOGIC                      |    0 |     0 |       250 |  0.00 |
| OLOGIC                      |    0 |     0 |       250 |  0.00 |
+-----------------------------+------+-------+-----------+-------+


6. Clocking
-----------

+------------+------+-------+-----------+-------+
|  Site Type | Used | Fixed | Available | Util% |
+------------+------+-------+-----------+-------+
| BUFGCTRL   |    1 |     0 |        32 |  3.13 |
| BUFIO      |    0 |     0 |        20 |  0.00 |
| MMCME2_ADV |    0 |     0 |         5 |  0.00 |
| PLLE2_ADV  |    0 |     0 |         5 |  0.00 |
| BUFMRCE    |    0 |     0 |        10 |  0.00 |
| BUFHCE     |    0 |     0 |        72 |  0.00 |
| BUFR       |    0 |     0 |        20 |  0.00 |
+------------+------+-------+-----------+-------+


7. Specific Feature
-------------------

+-------------+------+-------+-----------+-------+
|  Site Type  | Used | Fixed | Available | Util% |
+-------------+------+-------+-----------+-------+
| BSCANE2     |    0 |     0 |         4 |  0.00 |
| CAPTUREE2   |    0 |     0 |         1 |  0.00 |
| DNA_PORT    |    0 |     0 |         1 |  0.00 |
| EFUSE_USR   |    0 |     0 |         1 |  0.00 |
| FRAME_ECCE2 |    0 |     0 |         1 |  0.00 |
| ICAPE2      |    0 |     0 |         2 |  0.00 |
| STARTUPE2   |    0 |     0 |         1 |  0.00 |
| XADC        |    0 |     0 |         1 |  0.00 |
+-------------+------+-------+-----------+-------+


8. Primitives
-------------

+----------+------+---------------------+
| Ref Name | Used | Functional Category |
+----------+------+---------------------+
| LUT6     | 1016 |                 LUT |
| FDCE     |  902 |        Flop & Latch |
| LUT5     |  594 |                 LUT |
| LUT2     |  540 |                 LUT |
| LUT4     |  396 |                 LUT |
| LUT3     |  235 |                 LUT |
| FDPE     |  165 |        Flop & Latch |
| MUXF7    |  126 |               MuxFx |
| CARRY4   |   72 |          CarryLogic |
| SRL16E   |   64 |  Distributed Memory |
| FDRE     |   64 |        Flop & Latch |
| IBUF     |   41 |                  IO |
| OBUF     |   39 |                  IO |
| LUT1     |   13 |                 LUT |
| BUFG     |    1 |               Clock |
+----------+------+---------------------+


9. Black Boxes
--------------

+----------+------+
| Ref Name | Used |
+----------+------+


10. Instantiated Netlists
-------------------------

+----------+------+
| Ref Name | Used |
+----------+------+


Copyright 1986-2017 Xilinx, Inc. All Rights Reserved.
------------------------------------------------------------------------------------
| Tool Version : Vivado v.2017.2 (win64) Build 1909853 Thu Jun 15 18:39:09 MDT 2017
| Date         : Fri Oct 13 18:22:39 2017
| Host         : DESKTOP-4KPN332 running 64-bit major release  (build 9200)
| Command      : report_timing -file ./sha1_w1_g1_i32_o32.rpt -append
| Design       : SHA1_AXI4_STREAM
| Device       : 7s50-fgga484
| Speed File   : -2  PRODUCTION 1.17 2017-05-11
------------------------------------------------------------------------------------

Timing Report

Slack (MET) :             0.372ns  (required time - arrival time)
  Source:                 CORE/PROC/b_reg_reg[1]/C
                            (rising edge-triggered cell FDCE clocked by ACLK  {rise@0.000ns fall@2.400ns period=4.800ns})
  Destination:            CORE/PROC/a_reg_reg[27]/D
                            (rising edge-triggered cell FDCE clocked by ACLK  {rise@0.000ns fall@2.400ns period=4.800ns})
  Path Group:             ACLK
  Path Type:              Setup (Max at Slow Process Corner)
  Requirement:            4.800ns  (ACLK rise@4.800ns - ACLK rise@0.000ns)
  Data Path Delay:        4.377ns  (logic 2.020ns (46.146%)  route 2.357ns (53.854%))
  Logic Levels:           11  (CARRY4=7 LUT4=1 LUT5=2 LUT6=1)
  Clock Path Skew:        -0.048ns (DCD - SCD + CPR)
    Destination Clock Delay (DCD):    3.697ns = ( 8.497 - 4.800 ) 
    Source Clock Delay      (SCD):    4.035ns
    Clock Pessimism Removal (CPR):    0.290ns
  Clock Uncertainty:      0.035ns  ((TSJ^2 + TIJ^2)^1/2 + DJ) / 2 + PE
    Total System Jitter     (TSJ):    0.071ns
    Total Input Jitter      (TIJ):    0.000ns
    Discrete Jitter          (DJ):    0.000ns
    Phase Error              (PE):    0.000ns

    Location             Delay type                Incr(ns)  Path(ns)    Netlist Resource(s)
  -------------------------------------------------------------------    -------------------
                         (clock ACLK rise edge)       0.000     0.000 r  
    U20                                               0.000     0.000 r  ACLK (IN)
                         net (fo=0)                   0.000     0.000    ACLK
    U20                  IBUF (Prop_ibuf_I_O)         0.902     0.902 r  ACLK_IBUF_inst/O
                         net (fo=1, routed)           1.693     2.595    ACLK_IBUF
    BUFGCTRL_X0Y0        BUFG (Prop_bufg_I_O)         0.081     2.676 r  ACLK_IBUF_BUFG_inst/O
                         net (fo=1195, routed)        1.359     4.035    CORE/PROC/ACLK_IBUF_BUFG
    SLICE_X9Y54          FDCE                                         r  CORE/PROC/b_reg_reg[1]/C
  -------------------------------------------------------------------    -------------------
    SLICE_X9Y54          FDCE (Prop_fdce_C_Q)         0.379     4.414 r  CORE/PROC/b_reg_reg[1]/Q
                         net (fo=3, routed)           0.936     5.350    CORE/PROC/b_reg[1]
    SLICE_X12Y52         LUT5 (Prop_lut5_I2_O)        0.105     5.455 r  CORE/PROC/a_reg[3]_i_10/O
                         net (fo=4, routed)           0.524     5.979    CORE/PROC/a_reg[3]_i_10_n_0
    SLICE_X14Y51         LUT5 (Prop_lut5_I2_O)        0.105     6.084 r  CORE/PROC/a_reg[3]_i_3/O
                         net (fo=2, routed)           0.525     6.609    CORE/PROC/a_reg[3]_i_3_n_0
    SLICE_X12Y54         LUT6 (Prop_lut6_I0_O)        0.105     6.714 r  CORE/PROC/a_reg[3]_i_6/O
                         net (fo=1, routed)           0.000     6.714    CORE/PROC/a_reg[3]_i_6_n_0
    SLICE_X12Y54         CARRY4 (Prop_carry4_S[3]_CO[3])
                                                      0.314     7.028 r  CORE/PROC/a_reg_reg[3]_i_2/CO[3]
                         net (fo=1, routed)           0.000     7.028    CORE/PROC/a_reg_reg[3]_i_2_n_0
    SLICE_X12Y55         CARRY4 (Prop_carry4_CI_CO[3])
                                                      0.100     7.128 r  CORE/PROC/a_reg_reg[7]_i_2/CO[3]
                         net (fo=1, routed)           0.000     7.128    CORE/PROC/a_reg_reg[7]_i_2_n_0
    SLICE_X12Y56         CARRY4 (Prop_carry4_CI_CO[3])
                                                      0.100     7.228 r  CORE/PROC/a_reg_reg[11]_i_2/CO[3]
                         net (fo=1, routed)           0.000     7.228    CORE/PROC/a_reg_reg[11]_i_2_n_0
    SLICE_X12Y57         CARRY4 (Prop_carry4_CI_CO[3])
                                                      0.100     7.328 r  CORE/PROC/a_reg_reg[15]_i_2/CO[3]
                         net (fo=1, routed)           0.000     7.328    CORE/PROC/a_reg_reg[15]_i_2_n_0
    SLICE_X12Y58         CARRY4 (Prop_carry4_CI_CO[3])
                                                      0.100     7.428 r  CORE/PROC/a_reg_reg[19]_i_2/CO[3]
                         net (fo=1, routed)           0.000     7.428    CORE/PROC/a_reg_reg[19]_i_2_n_0
    SLICE_X12Y59         CARRY4 (Prop_carry4_CI_CO[3])
                                                      0.100     7.528 r  CORE/PROC/a_reg_reg[23]_i_2/CO[3]
                         net (fo=1, routed)           0.000     7.528    CORE/PROC/a_reg_reg[23]_i_2_n_0
    SLICE_X12Y60         CARRY4 (Prop_carry4_CI_O[3])
                                                      0.262     7.790 r  CORE/PROC/a_reg_reg[27]_i_2/O[3]
                         net (fo=1, routed)           0.373     8.163    CORE/PROC/a[1]_9[27]
    SLICE_X11Y61         LUT4 (Prop_lut4_I0_O)        0.250     8.413 r  CORE/PROC/a_reg[27]_i_1/O
                         net (fo=1, routed)           0.000     8.413    CORE/PROC/a_reg[27]_i_1_n_0
    SLICE_X11Y61         FDCE                                         r  CORE/PROC/a_reg_reg[27]/D
  -------------------------------------------------------------------    -------------------

                         (clock ACLK rise edge)       4.800     4.800 r  
    U20                                               0.000     4.800 r  ACLK (IN)
                         net (fo=0)                   0.000     4.800    ACLK
    U20                  IBUF (Prop_ibuf_I_O)         0.771     5.571 r  ACLK_IBUF_inst/O
                         net (fo=1, routed)           1.604     7.175    ACLK_IBUF
    BUFGCTRL_X0Y0        BUFG (Prop_bufg_I_O)         0.077     7.252 r  ACLK_IBUF_BUFG_inst/O
                         net (fo=1195, routed)        1.245     8.497    CORE/PROC/ACLK_IBUF_BUFG
    SLICE_X11Y61         FDCE                                         r  CORE/PROC/a_reg_reg[27]/C
                         clock pessimism              0.290     8.787    
                         clock uncertainty           -0.035     8.752    
    SLICE_X11Y61         FDCE (Setup_fdce_C_D)        0.033     8.785    CORE/PROC/a_reg_reg[27]
  -------------------------------------------------------------------
                         required time                          8.785    
                         arrival time                          -8.413    
  -------------------------------------------------------------------
                         slack                                  0.372    




